2026-08-12 18:13:27,226 [INFO] Connecting to ChromaDB at '../data/chroma_db_market_news'...
2026-08-12 18:13:28,775 [INFO] Fetching news for ticker 'GOOG' from Alpha Vantage...
2026-08-12 18:13:29,163 [INFO] Writing 5 articles into collection 'stock_news_sentiment'...
2026-08-12 18:13:30,437 [INFO] Successfully wrote the top 5 articles for GOOG to ChromaDB!
2026-08-12 18:16:38,383 [INFO] Connecting to ChromaDB at '../data/chroma_db_market_news'...
2026-08-12 18:16:38,513 [INFO] Fetching news for ticker 'AMZN' from Alpha Vantage...
2026-08-12 18:16:38,832 [INFO] Writing 5 articles into collection 'stock_news_sentiment'...
2026-08-12 18:16:39,116 [INFO] Successfully wrote the top 5 articles for AMZN to ChromaDB!
2026-08-12 18:16:50,144 [INFO] Connecting to ChromaDB at '../data/chroma_db_market_news'...
2026-08-12 18:16:50,353 [INFO] Fetching news for ticker 'GOOG' from Alpha Vantage...
2026-08-12 18:16:50,650 [INFO] Writing 5 articles into collection 'stock_news_sentiment'...
2026-08-12 18:16:50,918 [INFO] Successfully wrote the top 5 articles for GOOG to ChromaDB!
2026-08-12 18:45:25,663 [INFO] Connecting to ChromaDB at '../data/chroma_db_market_news'...
2026-08-12 18:45:25,769 [INFO] Processing [1/8]: GOOGL
2026-08-12 18:45:26,498 [INFO] Successfully wrote 5 articles for GOOGL to ChromaDB.
2026-08-12 18:45:26,498 [INFO] Sleeping for 5 seconds to respect API rate limits...
2026-08-12 18:45:31,499 [INFO] Processing [2/8]: GOOG
2026-08-12 18:45:32,037 [INFO] Successfully wrote 5 articles for GOOG to ChromaDB.
2026-08-12 18:45:32,037 [INFO] Sleeping for 5 seconds to respect API rate limits...
2026-08-12 18:45:37,038 [INFO] Processing [3/8]: AMZN
2026-08-12 18:45:37,505 [INFO] Successfully wrote 5 articles for AMZN to ChromaDB.
2026-08-12 18:45:37,505 [INFO] Sleeping for 5 seconds to respect API rate limits...
2026-08-12 18:45:42,506 [INFO] Processing [4/8]: AAPL
2026-08-12 18:45:42,984 [INFO] Successfully wrote 5 articles for AAPL to ChromaDB.
2026-08-12 18:45:42,985 [INFO] Sleeping for 5 seconds to respect API rate limits...
2026-08-12 18:45:47,986 [INFO] Processing [5/8]: META
2026-08-12 18:45:48,394 [INFO] Successfully wrote 5 articles for META to ChromaDB.
2026-08-12 18:45:48,394 [INFO] Sleeping for 5 seconds to respect API rate limits...
2026-08-12 18:45:53,405 [INFO] Processing [6/8]: MSFT
2026-08-12 18:45:53,927 [INFO] Successfully wrote 5 articles for MSFT to ChromaDB.
2026-08-12 18:45:53,927 [INFO] Sleeping for 5 seconds to respect API rate limits...
2026-08-12 18:45:58,928 [INFO] Processing [7/8]: NVDA
2026-08-12 18:45:59,434 [INFO] Successfully wrote 5 articles for NVDA to ChromaDB.
2026-08-12 18:45:59,434 [INFO] Sleeping for 5 seconds to respect API rate limits...
2026-08-12 18:46:04,435 [INFO] Processing [8/8]: TSLA
2026-08-12 18:46:04,964 [INFO] Successfully wrote 5 articles for TSLA to ChromaDB.
2026-08-12 18:46:04,964 [INFO] Multi-ticker news ingestion pipeline complete!
2026-08-13 12:00:01,877 [INFO] Connecting to ChromaDB at '../data/chroma_db_market_news'...
2026-08-13 12:00:02,189 [INFO] Processing [1/8]: GOOGL
2026-08-13 12:00:03,607 [INFO] Successfully wrote 5 articles for GOOGL to ChromaDB.
2026-08-13 12:00:03,607 [INFO] Sleeping for 5 seconds to respect API rate limits...
2026-08-13 12:00:08,608 [INFO] Processing [2/8]: GOOG
2026-08-13 12:00:09,357 [INFO] Successfully wrote 5 articles for GOOG to ChromaDB.
2026-08-13 12:00:09,357 [INFO] Sleeping for 5 seconds to respect API rate limits...
2026-08-13 12:00:14,358 [INFO] Processing [3/8]: AMZN
2026-08-13 12:00:15,003 [INFO] Successfully wrote 5 articles for AMZN to ChromaDB.
2026-08-13 12:00:15,003 [INFO] Sleeping for 5 seconds to respect API rate limits...
2026-08-13 12:00:20,003 [INFO] Processing [4/8]: AAPL
2026-08-13 12:00:20,541 [INFO] Successfully wrote 5 articles for AAPL to ChromaDB.
2026-08-13 12:00:20,542 [INFO] Sleeping for 5 seconds to respect API rate limits...
2026-08-13 12:00:25,542 [INFO] Processing [5/8]: META
2026-08-13 12:00:26,331 [INFO] Successfully wrote 5 articles for META to ChromaDB.
2026-08-13 12:00:26,331 [INFO] Sleeping for 5 seconds to respect API rate limits...
2026-08-13 12:00:31,331 [INFO] Processing [6/8]: MSFT
2026-08-13 12:00:32,011 [INFO] Successfully wrote 5 articles for MSFT to ChromaDB.
2026-08-13 12:00:32,011 [INFO] Sleeping for 5 seconds to respect API rate limits...
2026-08-13 12:00:37,012 [INFO] Processing [7/8]: NVDA
2026-08-13 12:00:37,607 [INFO] Successfully wrote 5 articles for NVDA to ChromaDB.
2026-08-13 12:00:37,607 [INFO] Sleeping for 5 seconds to respect API rate limits...
2026-08-13 12:00:42,608 [INFO] Processing [8/8]: TSLA
2026-08-13 12:00:43,497 [INFO] Successfully wrote 5 articles for TSLA to ChromaDB.
2026-08-13 12:00:43,497 [INFO] Multi-ticker news ingestion pipeline complete!
2026-08-16 09:59:53,619 [INFO] Connecting to ChromaDB at '../data/chroma_db_market_news'...
2026-08-16 09:59:53,623 [INFO] Processing [1/8]: GOOGL
2026-08-16 09:59:55,377 [INFO] Successfully wrote 5 articles for GOOGL to ChromaDB.
2026-08-16 09:59:55,377 [INFO] Sleeping for 5 seconds to respect API rate limits...
2026-08-16 10:00:00,378 [INFO] Processing [2/8]: GOOG
2026-08-16 10:00:00,953 [INFO] Successfully wrote 5 articles for GOOG to ChromaDB.
2026-08-16 10:00:00,954 [INFO] Sleeping for 5 seconds to respect API rate limits...
2026-08-16 10:00:05,954 [INFO] Processing [3/8]: AMZN
2026-08-16 10:00:06,601 [INFO] Successfully wrote 5 articles for AMZN to ChromaDB.
2026-08-16 10:00:06,601 [INFO] Sleeping for 5 seconds to respect API rate limits...
2026-08-16 10:00:11,602 [INFO] Processing [4/8]: AAPL
2026-08-16 10:00:12,320 [INFO] Successfully wrote 5 articles for AAPL to ChromaDB.
2026-08-16 10:00:12,320 [INFO] Sleeping for 5 seconds to respect API rate limits...
2026-08-16 10:00:17,321 [INFO] Processing [5/8]: META
2026-08-16 10:00:17,948 [INFO] Successfully wrote 5 articles for META to ChromaDB.
2026-08-16 10:00:17,948 [INFO] Sleeping for 5 seconds to respect API rate limits...
2026-08-16 10:00:22,949 [INFO] Processing [6/8]: MSFT
2026-08-16 10:00:23,588 [INFO] Successfully wrote 5 articles for MSFT to ChromaDB.
2026-08-16 10:00:23,588 [INFO] Sleeping for 5 seconds to respect API rate limits...
2026-08-16 10:00:28,589 [INFO] Processing [7/8]: NVDA
2026-08-16 10:00:29,446 [INFO] Successfully wrote 5 articles for NVDA to ChromaDB.
2026-08-16 10:00:29,447 [INFO] Sleeping for 5 seconds to respect API rate limits...
2026-08-16 10:00:34,448 [INFO] Processing [8/8]: TSLA
2026-08-16 10:00:35,098 [INFO] Successfully wrote 5 articles for TSLA to ChromaDB.
2026-08-16 10:00:35,099 [INFO] Multi-ticker news ingestion pipeline complete!
2026-09-05 03:52:00,741 [INFO] Connecting to ChromaDB at '../data/chroma_db_market_news'...
2026-09-05 03:52:00,745 [INFO] Processing [1/8]: GOOGL
2026-09-05 03:52:02,605 [INFO] Successfully wrote 5 articles for GOOGL to ChromaDB.
2026-09-05 03:52:02,605 [INFO] Sleeping for 5 seconds to respect API rate limits...
2026-09-05 03:52:07,606 [INFO] Processing [2/8]: GOOG
2026-09-05 03:52:08,976 [INFO] Successfully wrote 5 articles for GOOG to ChromaDB.
2026-09-05 03:52:08,976 [INFO] Sleeping for 5 seconds to respect API rate limits...
2026-09-05 03:52:13,977 [INFO] Processing [3/8]: AMZN
2026-09-05 03:52:15,652 [INFO] Successfully wrote 5 articles for AMZN to ChromaDB.
2026-09-05 03:52:15,653 [INFO] Sleeping for 5 seconds to respect API rate limits...
2026-09-05 03:52:20,654 [INFO] Processing [4/8]: AAPL
2026-09-05 03:52:22,365 [INFO] Successfully wrote 5 articles for AAPL to ChromaDB.
2026-09-05 03:52:22,366 [INFO] Sleeping for 5 seconds to respect API rate limits...
2026-09-05 03:52:27,368 [INFO] Processing [5/8]: META
2026-09-05 03:52:29,022 [INFO] Successfully wrote 5 articles for META to ChromaDB.
2026-09-05 03:52:29,022 [INFO] Sleeping for 5 seconds to respect API rate limits...
2026-09-05 03:52:34,023 [INFO] Processing [6/8]: MSFT
2026-09-05 03:52:35,394 [INFO] Successfully wrote 5 articles for MSFT to ChromaDB.
2026-09-05 03:52:35,394 [INFO] Sleeping for 5 seconds to respect API rate limits...
2026-09-05 03:52:40,395 [INFO] Processing [7/8]: NVDA
2026-09-05 03:52:41,824 [INFO] Successfully wrote 5 articles for NVDA to ChromaDB.
2026-09-05 03:52:41,824 [INFO] Sleeping for 5 seconds to respect API rate limits...
2026-09-05 03:52:46,825 [INFO] Processing [8/8]: TSLA
2026-09-05 03:52:48,195 [INFO] Successfully wrote 5 articles for TSLA to ChromaDB.
2026-09-05 03:52:48,195 [INFO] Multi-ticker news ingestion pipeline complete!
